commit 0f16c56d3f2cfe1f98018640b2cc5d5009de26ae
Author: Mike Rapoport <rppt@linux.ibm.com>
Date:   Fri Feb 15 11:29:14 2019 +1100

    mm/percpu: add checks for the return value of memblock_alloc*()

    Add panic() calls if memblock_alloc() returns NULL.

    The panic() format duplicates the one used by memblock itself and in order
    to avoid explosion with long parameters list replace open coded allocation
    size calculations with a local variable.

    Link: http://lkml.kernel.org/r/1548057848-15136-17-git-send-email-rppt@linux.ibm.com
    Signed-off-by: Mike Rapoport <rppt@linux.ibm.com>
    Cc: Catalin Marinas <catalin.marinas@arm.com>
    Cc: Christophe Leroy <christophe.leroy@c-s.fr>
    Cc: Christoph Hellwig <hch@lst.de>
    Cc: "David S. Miller" <davem@davemloft.net>
    Cc: Dennis Zhou <dennis@kernel.org>
    Cc: Geert Uytterhoeven <geert@linux-m68k.org>
    Cc: Greentime Hu <green.hu@gmail.com>
    Cc: Greg Kroah-Hartman <gregkh@linuxfoundation.org>
    Cc: Guan Xuetao <gxt@pku.edu.cn>
    Cc: Guo Ren <guoren@kernel.org>
    Cc: Guo Ren <ren_guo@c-sky.com>                         [c-sky]
    Cc: Heiko Carstens <heiko.carstens@de.ibm.com>
    Cc: Juergen Gross <jgross@suse.com>                     [Xen]
    Cc: Mark Salter <msalter@redhat.com>
    Cc: Matt Turner <mattst88@gmail.com>
    Cc: Max Filippov <jcmvbkbc@gmail.com>
    Cc: Michael Ellerman <mpe@ellerman.id.au>
    Cc: Michal Simek <monstr@monstr.eu>
    Cc: Paul Burton <paul.burton@mips.com>
    Cc: Petr Mladek <pmladek@suse.com>
    Cc: Richard Weinberger <richard@nod.at>
    Cc: Rich Felker <dalias@libc.org>
    Cc: Rob Herring <robh+dt@kernel.org>
    Cc: Rob Herring <robh@kernel.org>
    Cc: Russell King <linux@armlinux.org.uk>
    Cc: Stafford Horne <shorne@gmail.com>
    Cc: Tony Luck <tony.luck@intel.com>
    Cc: Vineet Gupta <vgupta@synopsys.com>
    Cc: Yoshinori Sato <ysato@users.sourceforge.jp>
    Signed-off-by: Andrew Morton <akpm@linux-foundation.org>
    Signed-off-by: Stephen Rothwell <sfr@canb.auug.org.au>

commit c6b8dcc482e93e66a5b405c1469f36cf9f42b476
Author: Mike Rapoport <rppt@linux.ibm.com>
Date:   Fri Feb 15 11:29:14 2019 +1100

    sparc: add checks for the return value of memblock_alloc*()

    Add panic() calls if memblock_alloc*() returns NULL.

    Most of the changes are simply addition of

            if(!ptr)
                    panic();

    statements after the calls to memblock_alloc*() variants.

    Exceptions are pcpu_populate_pte() and kernel_map_range() that were
    slightly refactored to accommodate the change.

    Link: http://lkml.kernel.org/r/1548057848-15136-16-git-send-email-rppt@linux.ibm.com
    Signed-off-by: Mike Rapoport <rppt@linux.ibm.com>
    Acked-by: David S. Miller <davem@davemloft.net>
    Cc: Catalin Marinas <catalin.marinas@arm.com>
    Cc: Christophe Leroy <christophe.leroy@c-s.fr>
    Cc: Christoph Hellwig <hch@lst.de>
    Cc: Dennis Zhou <dennis@kernel.org>
    Cc: Geert Uytterhoeven <geert@linux-m68k.org>
    Cc: Greentime Hu <green.hu@gmail.com>
    Cc: Greg Kroah-Hartman <gregkh@linuxfoundation.org>
    Cc: Guan Xuetao <gxt@pku.edu.cn>
    Cc: Guo Ren <guoren@kernel.org>
    Cc: Guo Ren <ren_guo@c-sky.com>                         [c-sky]
    Cc: Heiko Carstens <heiko.carstens@de.ibm.com>
    Cc: Juergen Gross <jgross@suse.com>                     [Xen]
    Cc: Mark Salter <msalter@redhat.com>
    Cc: Matt Turner <mattst88@gmail.com>
    Cc: Max Filippov <jcmvbkbc@gmail.com>
    Cc: Michael Ellerman <mpe@ellerman.id.au>
    Cc: Michal Simek <monstr@monstr.eu>
    Cc: Paul Burton <paul.burton@mips.com>
    Cc: Petr Mladek <pmladek@suse.com>
    Cc: Richard Weinberger <richard@nod.at>
    Cc: Rich Felker <dalias@libc.org>
    Cc: Rob Herring <robh+dt@kernel.org>
    Cc: Rob Herring <robh@kernel.org>
    Cc: Russell King <linux@armlinux.org.uk>
    Cc: Stafford Horne <shorne@gmail.com>
    Cc: Tony Luck <tony.luck@intel.com>
    Cc: Vineet Gupta <vgupta@synopsys.com>
    Cc: Yoshinori Sato <ysato@users.sourceforge.jp>
    Signed-off-by: Andrew Morton <akpm@linux-foundation.org>
    Signed-off-by: Stephen Rothwell <sfr@canb.auug.org.au>